2026-10-02 11:43:54,189 [edge-B] site: site pid 6977, worker pids [6988, 6989]
2026-10-02 11:43:54,869 [edge-B] site: instance S00001 (vRAN-DU) running, cpu=1500, backlogged
2026-10-02 11:43:55,983 [edge-B] site: instance S00002 (vRAN-DU) running, cpu=1500, backlogged
2026-10-02 11:43:56,010 [edge-B] site: instance S00003 (vRAN-DU) running, cpu=1500, backlogged
2026-10-02 11:43:56,913 [edge-B] site: instance S00005 (IoT-GW) running, cpu=250, backlogged
2026-10-02 11:43:57,131 [edge-B] site: instance S00006 (UPF) running, cpu=1000, backlogged
2026-10-02 11:43:57,525 [edge-B] site: instance S00007 (IoT-GW) running, cpu=250, backlogged
2026-10-02 11:43:58,021 [edge-B] site: instance S00008 (IoT-GW) running, cpu=250, backlogged
2026-10-02 11:43:58,042 [edge-B] site: instance S00009 (UPF) running, cpu=1000, backlogged
2026-10-02 11:43:59,045 [edge-B] site: instance S00010 (UPF) running, cpu=1000, backlogged
2026-10-02 11:44:02,388 [edge-B] site: instance S00015 (IoT-GW) running, cpu=250, backlogged
2026-10-02 11:44:04,150 [edge-B] site: instance S00017 (IMS-CSCF) running, cpu=500, backlogged
2026-10-02 11:44:06,902 [edge-B] site: instance S00022 (IoT-GW) running, cpu=250, backlogged
2026-10-02 11:44:09,580 [edge-B] site: instance S00030 (UPF) running, cpu=1000, backlogged
2026-10-02 11:44:10,109 [edge-B] site: instance S00032 (IoT-GW) running, cpu=250, backlogged
2026-10-02 11:44:10,770 [edge-B] site: instance S00034 (vRAN-DU) running, cpu=1500, backlogged
2026-10-02 11:44:12,843 [edge-B] site: instance S00037 (UPF) running, cpu=1000, backlogged
2026-10-02 11:44:14,312 [edge-B] site: instance S00039 (vRAN-DU) running, cpu=1500, backlogged
2026-10-02 11:44:20,029 [edge-B] site: instance S00045 (IoT-GW) running, cpu=250, backlogged
2026-10-02 11:44:20,702 [edge-B] site: instance S00048 (vRAN-DU) running, cpu=1500, backlogged
