All 4 sites registered. Replaying 66 requests over 30 s (placement=edge_first).

  t+   5s  requests=9   accepted=7   blocked=2   [edge-A:cpu 75%  core-1:cpu 0%  cloud-1:cpu 0%  edge-B:cpu 88%]
  t+  10s  requests=19  accepted=15  blocked=4   [edge-A:cpu 62%  core-1:cpu 33%  cloud-1:cpu 0%  edge-B:cpu 75%]
  t+  16s  requests=35  accepted=24  blocked=11  [edge-A:cpu 100%  core-1:cpu 69%  cloud-1:cpu 0%  edge-B:cpu 75%]
  t+  21s  requests=50  accepted=34  blocked=16  [edge-A:cpu 75%  core-1:cpu 27%  cloud-1:cpu 0%  edge-B:cpu 62%]
  t+  26s  requests=60  accepted=41  blocked=19  [edge-A:cpu 38%  core-1:cpu 44%  cloud-1:cpu 0%  edge-B:cpu 88%]

=== ADMISSION ===
requests=66 accepted=44 blocked=22 blocking probability=33.3%  resizes: 6 ok / 11 rejected
admission decision time mean=0.094 ms   end-to-end request time mean=9.5 ms

=== PER SERVICE ===
service     offered accepted blocked P_block  placed on / block reasons
IMS-CSCF          8        8       0    0.0%  {'edge-B': 5, 'core-1': 1, 'edge-A': 2}  
IoT-GW           15       15       0    0.0%  {'edge-A': 6, 'edge-B': 8, 'core-1': 1}  
Transcoder       11       11       0    0.0%  {'edge-A': 2, 'edge-B': 3, 'core-1': 5, 'cloud-1': 1}  
UPF               8        7       1   12.5%  {'edge-A': 2, 'edge-B': 4, 'core-1': 1}  {'node_capacity': 1}
vRAN-DU          24        3      21   87.5%  {'edge-B': 2, 'edge-A': 1}  {'latency': 21}

=== SITE RESERVATION UTILISATION (1 s samples during run) ===
site     cpu mean cpu peak mem mean  bw mean slot util fairness   jobs  workers
edge-A      79.0%   100.0%    37.7%    20.0%     97.5%   0.9744    836  [7064, 7065]
core-1      36.9%    85.4%    12.7%     4.6%     74.7%   0.9036   1079  [7068, 7070, 7073, 7074]
cloud-1      0.5%     8.3%     0.2%     0.0%      3.9%        -     47  [7069, 7071, 7072, 7077]
edge-B      78.8%   100.0%    36.9%    29.8%     92.5%   0.9668    783  [7080, 7081]

=== LINK UTILISATION ===
edge-A<->core-1    1000 Mb/s    5 ms   mean 24.5%  peak 60.0%
edge-B<->core-1    1000 Mb/s    6 ms   mean 23.1%  peak 62.0%
edge-A<->edge-B     400 Mb/s    3 ms   mean 18.5%  peak 72.5%
core-1<->cloud-1  10000 Mb/s   20 ms   mean 0.1%  peak 2.0%

=== ALLOCATION ENFORCEMENT (instances that ran >= 3 s) ===
sid     service     site       cpu  jobs/s jobs/s per core
S00017  Transcoder  core-1    4000   21.02            5.25
S00010  Transcoder  core-1    2000   17.67            8.84
S00036  Transcoder  core-1    2000    8.22            4.11
S00053  Transcoder  core-1    2000   17.53            8.77
S00029  Transcoder  core-1    1000   10.88           10.88
S00058  UPF         core-1    1000    8.62            8.62
S00030  IoT-GW      core-1     250    2.28            9.12
S00001  Transcoder  edge-A    2000   19.25            9.62
S00062  Transcoder  edge-A    2000   13.20            6.60
S00020  vRAN-DU     edge-A    1500    7.75            5.17
S00005  UPF         edge-A    1000   11.06           11.06
S00046  IMS-CSCF    edge-A     500    4.15            8.30
S00055  IMS-CSCF    edge-A     500    4.05            8.10
S00014  IoT-GW      edge-A     250    1.79            7.16
S00016  IoT-GW      edge-A     250    1.61            6.44
... 18 more in summary.json

manager messages: sent=306 recv=307 bytes_recv=86624

Results saved to results/M3-blocking/edge_first_seed43
