All 4 sites registered. Replaying 66 requests over 30 s (placement=least_loaded).

  t+   5s  requests=9   accepted=9   blocked=0   [edge-A:cpu 62%  edge-B:cpu 56%  cloud-1:cpu 9%  core-1:cpu 33%]
  t+  10s  requests=19  accepted=19  blocked=0   [edge-A:cpu 75%  edge-B:cpu 75%  cloud-1:cpu 27%  core-1:cpu 12%]
  t+  16s  requests=35  accepted=28  blocked=7   [edge-A:cpu 75%  edge-B:cpu 75%  cloud-1:cpu 33%  core-1:cpu 35%]
  t+  21s  requests=50  accepted=40  blocked=10  [edge-A:cpu 75%  edge-B:cpu 75%  cloud-1:cpu 21%  core-1:cpu 26%]
  t+  26s  requests=60  accepted=49  blocked=11  [edge-A:cpu 75%  edge-B:cpu 62%  cloud-1:cpu 20%  core-1:cpu 36%]

=== ADMISSION ===
requests=66 accepted=54 blocked=12 blocking probability=18.2%  resizes: 8 ok / 9 rejected
admission decision time mean=0.096 ms   end-to-end request time mean=13.4 ms

=== PER SERVICE ===
service     offered accepted blocked P_block  placed on / block reasons
IMS-CSCF          8        8       0    0.0%  {'cloud-1': 3, 'core-1': 5}  
IoT-GW           15       15       0    0.0%  {'cloud-1': 6, 'core-1': 9}  
Transcoder       11       11       0    0.0%  {'cloud-1': 8, 'core-1': 3}  
UPF               8        8       0    0.0%  {'edge-A': 1, 'core-1': 5, 'edge-B': 2}  
vRAN-DU          24       12      12   50.0%  {'edge-B': 8, 'edge-A': 4}  {'latency': 12}

=== SITE RESERVATION UTILISATION (1 s samples during run) ===
site     cpu mean cpu peak mem mean  bw mean slot util fairness   jobs  workers
edge-A      54.0%   100.0%    18.5%    22.9%     84.6%   0.9989    423  [7091, 7092]
edge-B      56.5%    87.5%    21.4%    27.3%     93.5%   0.9964    504  [7095, 7096]
cloud-1     26.4%    50.0%     9.2%     1.5%     88.4%   0.9735    974  [7099, 7102, 7103, 7105]
core-1      23.7%    39.6%     8.9%     4.3%     77.2%   0.8536    799  [7100, 7101, 7104, 7107]

=== LINK UTILISATION ===
edge-A<->core-1    1000 Mb/s    5 ms   mean 56.1%  peak 98.0%
edge-B<->core-1    1000 Mb/s    6 ms   mean 45.3%  peak 87.0%
edge-A<->edge-B     400 Mb/s    3 ms   mean 0.0%  peak 0.0%
core-1<->cloud-1  10000 Mb/s   20 ms   mean 5.8%  peak 10.0%

=== ALLOCATION ENFORCEMENT (instances that ran >= 3 s) ===
sid     service     site       cpu  jobs/s jobs/s per core
S00017  Transcoder  cloud-1   4000   11.43            2.86
S00001  Transcoder  cloud-1   2000   13.45            6.72
S00010  Transcoder  cloud-1   2000    8.95            4.47
S00036  Transcoder  cloud-1   2000    5.37            2.69
S00053  Transcoder  cloud-1   2000    8.59            4.29
S00062  Transcoder  cloud-1   2000    8.43            4.21
S00011  IMS-CSCF    cloud-1    500    2.48            4.96
S00046  IMS-CSCF    cloud-1    500    2.27            4.54
S00008  IoT-GW      cloud-1    375    3.07            8.19
S00042  IoT-GW      cloud-1    250    1.08            4.32
S00050  IoT-GW      cloud-1    250    1.11            4.44
S00061  IoT-GW      cloud-1    250    1.24            4.96
S00065  IoT-GW      cloud-1    250    1.25            5.00
S00003  Transcoder  core-1    4000   23.66            5.92
S00029  Transcoder  core-1    2000   14.00            7.00
... 25 more in summary.json

manager messages: sent=325 recv=326 bytes_recv=92377

Results saved to results/M3-blocking/least_loaded_seed43
