Environment: {'python': '3.13.15', 'platform': 'Linux-6.18.44-fc-v51-x86_64-with-glibc2.39', 'processor': 'x86_64', 'cpu_logical': 2, 'cpu_physical': 2, 'ram_gb': 7.8, 'psutil': '7.2.2'}
[1/42] policy=edge_first   offered= 100 tasks/s  rep=1 ...
    placement: vRAN-DU@edge-A->edge-A, vRAN-DU@edge-B->edge-B, UPF@edge-A->edge-A, UPF@edge-B->edge-B, IMS-CSCF@edge-A->edge-A, IMS-CSCF@edge-B->edge-B, Transcoder@edge-A->core-1, Transcoder@edge-B->core-1, IoT-GW@edge-A->edge-A, IoT-GW@edge-B->edge-B
    throughput  101.1 /s   latency mean 5.29 ms p95 19.72 ms   jitter 1.32 ms   loss 0.0%   machine CPU 25.6%
[2/42] policy=edge_first   offered= 200 tasks/s  rep=1 ...
    throughput  199.1 /s   latency mean 6.16 ms p95 21.53 ms   jitter 2.04 ms   loss 0.0%   machine CPU 41.5%
[3/42] policy=edge_first   offered= 300 tasks/s  rep=1 ...
    throughput  293.2 /s   latency mean 5.98 ms p95 20.66 ms   jitter 2.09 ms   loss 0.0%   machine CPU 50.2%
[4/42] policy=edge_first   offered= 400 tasks/s  rep=1 ...
    throughput  411.2 /s   latency mean 8.89 ms p95 28.15 ms   jitter 3.78 ms   loss 0.0%   machine CPU 64.2%
[5/42] policy=edge_first   offered= 500 tasks/s  rep=1 ...
    throughput  510.7 /s   latency mean 21.53 ms p95 72.21 ms   jitter 6.62 ms   loss 0.0%   machine CPU 79.6%
[6/42] policy=edge_first   offered= 600 tasks/s  rep=1 ...
    throughput  577.5 /s   latency mean 55.73 ms p95 280.26 ms   jitter 7.94 ms   loss 2.05%   machine CPU 84.9%
[7/42] policy=edge_first   offered= 700 tasks/s  rep=1 ...
    throughput  618.4 /s   latency mean 149.26 ms p95 675.59 ms   jitter 11.44 ms   loss 10.94%   machine CPU 96.0%
[8/42] policy=least_loaded offered= 100 tasks/s  rep=1 ...
    placement: vRAN-DU@edge-A->edge-A, vRAN-DU@edge-B->edge-B, UPF@edge-A->core-1, UPF@edge-B->core-1, IMS-CSCF@edge-A->core-1, IMS-CSCF@edge-B->core-1, Transcoder@edge-A->core-1, Transcoder@edge-B->core-1, IoT-GW@edge-A->edge-A, IoT-GW@edge-B->edge-B
    throughput  101.1 /s   latency mean 10.13 ms p95 19.84 ms   jitter 1.28 ms   loss 0.0%   machine CPU 24.9%
[9/42] policy=least_loaded offered= 200 tasks/s  rep=1 ...
    throughput  199.1 /s   latency mean 10.27 ms p95 20.24 ms   jitter 1.6 ms   loss 0.0%   machine CPU 38.4%
[10/42] policy=least_loaded offered= 300 tasks/s  rep=1 ...
    throughput  293.1 /s   latency mean 10.78 ms p95 21.45 ms   jitter 2.02 ms   loss 0.0%   machine CPU 47.9%
[11/42] policy=least_loaded offered= 400 tasks/s  rep=1 ...
    throughput  411.4 /s   latency mean 14.4 ms p95 31.64 ms   jitter 3.72 ms   loss 0.0%   machine CPU 64.5%
[12/42] policy=least_loaded offered= 500 tasks/s  rep=1 ...
    throughput  510.6 /s   latency mean 13.23 ms p95 28.51 ms   jitter 3.55 ms   loss 0.0%   machine CPU 71.9%
[13/42] policy=least_loaded offered= 600 tasks/s  rep=1 ...
    throughput  589.7 /s   latency mean 29.14 ms p95 87.16 ms   jitter 6.75 ms   loss 0.0%   machine CPU 89.0%
[14/42] policy=least_loaded offered= 700 tasks/s  rep=1 ...
    throughput  679.9 /s   latency mean 90.0 ms p95 484.87 ms   jitter 8.54 ms   loss 3.35%   machine CPU 96.3%
[15/42] policy=edge_first   offered= 100 tasks/s  rep=2 ...
    placement: vRAN-DU@edge-A->edge-A, vRAN-DU@edge-B->edge-B, UPF@edge-A->edge-A, UPF@edge-B->edge-B, IMS-CSCF@edge-A->edge-A, IMS-CSCF@edge-B->edge-B, Transcoder@edge-A->core-1, Transcoder@edge-B->core-1, IoT-GW@edge-A->edge-A, IoT-GW@edge-B->edge-B
    throughput   99.7 /s   latency mean 5.18 ms p95 19.45 ms   jitter 1.15 ms   loss 0.0%   machine CPU 20.4%
[16/42] policy=edge_first   offered= 200 tasks/s  rep=2 ...
    throughput  194.5 /s   latency mean 5.56 ms p95 20.22 ms   jitter 1.71 ms   loss 0.0%   machine CPU 35.9%
[17/42] policy=edge_first   offered= 300 tasks/s  rep=2 ...
    throughput  300.9 /s   latency mean 5.81 ms p95 21.12 ms   jitter 1.99 ms   loss 0.0%   machine CPU 47.7%
[18/42] policy=edge_first   offered= 400 tasks/s  rep=2 ...
    throughput  397.3 /s   latency mean 7.22 ms p95 23.69 ms   jitter 3.08 ms   loss 0.0%   machine CPU 61.0%
[19/42] policy=edge_first   offered= 500 tasks/s  rep=2 ...
    throughput  496.8 /s   latency mean 9.51 ms p95 29.77 ms   jitter 4.1 ms   loss 0.0%   machine CPU 71.7%
[20/42] policy=edge_first   offered= 600 tasks/s  rep=2 ...
    throughput  598.3 /s   latency mean 16.92 ms p95 51.54 ms   jitter 6.0 ms   loss 0.0%   machine CPU 84.7%
[21/42] policy=edge_first   offered= 700 tasks/s  rep=2 ...
    throughput  701.0 /s   latency mean 49.5 ms p95 234.14 ms   jitter 8.06 ms   loss 0.0%   machine CPU 93.5%
[22/42] policy=least_loaded offered= 100 tasks/s  rep=2 ...
    placement: vRAN-DU@edge-A->edge-A, vRAN-DU@edge-B->edge-B, UPF@edge-A->core-1, UPF@edge-B->core-1, IMS-CSCF@edge-A->core-1, IMS-CSCF@edge-B->core-1, Transcoder@edge-A->core-1, Transcoder@edge-B->core-1, IoT-GW@edge-A->edge-A, IoT-GW@edge-B->edge-B
    throughput   99.7 /s   latency mean 10.08 ms p95 19.83 ms   jitter 1.22 ms   loss 0.0%   machine CPU 21.4%
[23/42] policy=least_loaded offered= 200 tasks/s  rep=2 ...
    throughput  194.4 /s   latency mean 10.54 ms p95 20.77 ms   jitter 1.76 ms   loss 0.0%   machine CPU 36.7%
[24/42] policy=least_loaded offered= 300 tasks/s  rep=2 ...
    throughput  300.9 /s   latency mean 10.94 ms p95 22.19 ms   jitter 2.24 ms   loss 0.0%   machine CPU 49.7%
[25/42] policy=least_loaded offered= 400 tasks/s  rep=2 ...
    throughput  397.5 /s   latency mean 12.87 ms p95 27.82 ms   jitter 3.36 ms   loss 0.0%   machine CPU 64.1%
[26/42] policy=least_loaded offered= 500 tasks/s  rep=2 ...
    throughput  496.8 /s   latency mean 16.29 ms p95 39.28 ms   jitter 4.96 ms   loss 0.0%   machine CPU 77.3%
[27/42] policy=least_loaded offered= 600 tasks/s  rep=2 ...
    throughput  601.2 /s   latency mean 32.97 ms p95 110.97 ms   jitter 7.13 ms   loss 0.0%   machine CPU 88.0%
[28/42] policy=least_loaded offered= 700 tasks/s  rep=2 ...
    throughput  634.9 /s   latency mean 75.87 ms p95 306.08 ms   jitter 9.03 ms   loss 7.55%   machine CPU 95.0%
[29/42] policy=edge_first   offered= 100 tasks/s  rep=3 ...
    placement: vRAN-DU@edge-A->edge-A, vRAN-DU@edge-B->edge-B, UPF@edge-A->edge-A, UPF@edge-B->edge-B, IMS-CSCF@edge-A->edge-A, IMS-CSCF@edge-B->edge-B, Transcoder@edge-A->core-1, Transcoder@edge-B->core-1, IoT-GW@edge-A->edge-A, IoT-GW@edge-B->edge-B
    throughput  104.0 /s   latency mean 5.29 ms p95 19.62 ms   jitter 1.3 ms   loss 0.0%   machine CPU 22.7%
[30/42] policy=edge_first   offered= 200 tasks/s  rep=3 ...
    throughput  194.9 /s   latency mean 6.28 ms p95 21.98 ms   jitter 2.05 ms   loss 0.0%   machine CPU 41.5%
[31/42] policy=edge_first   offered= 300 tasks/s  rep=3 ...
    throughput  307.2 /s   latency mean 7.08 ms p95 23.04 ms   jitter 2.67 ms   loss 0.0%   machine CPU 55.9%
[32/42] policy=edge_first   offered= 400 tasks/s  rep=3 ...
    throughput  400.9 /s   latency mean 9.05 ms p95 27.69 ms   jitter 3.81 ms   loss 0.0%   machine CPU 68.1%
[33/42] policy=edge_first   offered= 500 tasks/s  rep=3 ...
    throughput  504.3 /s   latency mean 15.42 ms p95 48.53 ms   jitter 5.9 ms   loss 0.0%   machine CPU 80.5%
[34/42] policy=edge_first   offered= 600 tasks/s  rep=3 ...
    throughput  600.3 /s   latency mean 22.54 ms p95 81.7 ms   jitter 6.36 ms   loss 0.0%   machine CPU 87.7%
[35/42] policy=edge_first   offered= 700 tasks/s  rep=3 ...
    throughput  711.6 /s   latency mean 59.19 ms p95 251.84 ms   jitter 8.16 ms   loss 0.51%   machine CPU 94.5%
[36/42] policy=least_loaded offered= 100 tasks/s  rep=3 ...
    placement: vRAN-DU@edge-A->edge-A, vRAN-DU@edge-B->edge-B, UPF@edge-A->core-1, UPF@edge-B->core-1, IMS-CSCF@edge-A->core-1, IMS-CSCF@edge-B->core-1, Transcoder@edge-A->core-1, Transcoder@edge-B->core-1, IoT-GW@edge-A->edge-A, IoT-GW@edge-B->edge-B
    throughput  104.0 /s   latency mean 10.14 ms p95 19.63 ms   jitter 1.3 ms   loss 0.0%   machine CPU 22.9%
[37/42] policy=least_loaded offered= 200 tasks/s  rep=3 ...
    throughput  194.9 /s   latency mean 10.61 ms p95 21.07 ms   jitter 1.72 ms   loss 0.0%   machine CPU 35.8%
[38/42] policy=least_loaded offered= 300 tasks/s  rep=3 ...
    throughput  307.1 /s   latency mean 10.98 ms p95 22.13 ms   jitter 2.23 ms   loss 0.0%   machine CPU 51.0%
[39/42] policy=least_loaded offered= 400 tasks/s  rep=3 ...
    throughput  400.9 /s   latency mean 14.68 ms p95 32.2 ms   jitter 4.03 ms   loss 0.0%   machine CPU 68.6%
[40/42] policy=least_loaded offered= 500 tasks/s  rep=3 ...
    throughput  503.2 /s   latency mean 17.65 ms p95 43.83 ms   jitter 5.11 ms   loss 0.0%   machine CPU 78.3%
[41/42] policy=least_loaded offered= 600 tasks/s  rep=3 ...
    throughput  597.7 /s   latency mean 37.74 ms p95 126.13 ms   jitter 7.56 ms   loss 0.0%   machine CPU 91.4%
[42/42] policy=least_loaded offered= 700 tasks/s  rep=3 ...
    throughput  683.7 /s   latency mean 127.78 ms p95 707.69 ms   jitter 9.02 ms   loss 4.83%   machine CPU 97.5%

Results saved to results/M2-load-sweep
Next: python analyze.py results/M2-load-sweep
